../Core/Src/main.c:144:6:HAL_TIM_PeriodElapsedCallback	16	static
../Core/Src/main.c:170:6:btn_press_short_callback	16	static
../Core/Src/main.c:422:6:btn_press_timeout1s_callback	16	static
../Core/Src/main.c:432:6:btn_press_timeout2s_callback	16	static
../Core/Src/main.c:451:6:btn_press_timeout3s_callback	16	static
../Core/Src/main.c:462:6:alarm_handle	8	static
../Core/Src/main.c:488:6:display_handle	16	static
../Core/Src/main.c:537:5:main	16	static
../Core/Src/main.c:610:6:SystemClock_Config	72	static
../Core/Src/main.c:649:13:MX_I2C1_Init	8	static
../Core/Src/main.c:683:13:MX_TIM2_Init	32	static
../Core/Src/main.c:728:13:MX_USART1_UART_Init	8	static
../Core/Src/main.c:761:13:MX_GPIO_Init	32	static
../Core/Src/main.c:789:6:Error_Handler	4	static,ignoring_inline_asm
